2026-09-12 15:50:18.202568: W external/xla/xla/stream_executor/cuda/subprocess_compilation.cc:237] Falling back to the CUDA driver for PTX compilation; ptxas does not support CC 12.0
2026-09-12 15:50:18.202580: W external/xla/xla/stream_executor/cuda/subprocess_compilation.cc:240] Used ptxas at /usr/local/cuda/bin/ptxas
2026-09-12 15:50:18.202650: W external/xla/xla/stream_executor/gpu/redzone_allocator_kernel_cuda.cc:135] UNIMPLEMENTED: /usr/local/cuda/bin/ptxas ptxas too old. Falling back to the driver to compile.
Relying on driver to perform ptx compilation. 
Modify $PATH to customize ptxas location.
This message will be only logged once.
{"episode": 0, "seed": 50000, "target_type": "apple", "recovery_type": "none", "success": false, "steps": 100, "execute_actions": 10, "smooth_alpha": 1.0, "post_success_cycles": 5, "mean_infer_ms": 269.2824733629823, "video": "/root/shared-nvme/logs/h50_formal_50k_no_smoothing/alpha_1.0/episode_000.mp4"}
{"episode": 1, "seed": 50004, "target_type": "apple", "recovery_type": "none", "success": true, "steps": 33, "execute_actions": 10, "smooth_alpha": 1.0, "post_success_cycles": 5, "mean_infer_ms": 4.1644159478671625, "video": "/root/shared-nvme/logs/h50_formal_50k_no_smoothing/alpha_1.0/episode_001.mp4"}
{"episode": 2, "seed": 50008, "target_type": "apple", "recovery_type": "none", "success": false, "steps": 100, "execute_actions": 10, "smooth_alpha": 1.0, "post_success_cycles": 5, "mean_infer_ms": 4.292879682034254, "video": "/root/shared-nvme/logs/h50_formal_50k_no_smoothing/alpha_1.0/episode_002.mp4"}
{"episode": 3, "seed": 50012, "target_type": "apple", "recovery_type": "none", "success": true, "steps": 27, "execute_actions": 10, "smooth_alpha": 1.0, "post_success_cycles": 5, "mean_infer_ms": 4.220681333983386, "video": "/root/shared-nvme/logs/h50_formal_50k_no_smoothing/alpha_1.0/episode_003.mp4"}
{"episode": 4, "seed": 50016, "target_type": "apple", "recovery_type": "none", "success": true, "steps": 86, "execute_actions": 10, "smooth_alpha": 1.0, "post_success_cycles": 5, "mean_infer_ms": 4.432468133610349, "video": "/root/shared-nvme/logs/h50_formal_50k_no_smoothing/alpha_1.0/episode_004.mp4"}
{"episode": 5, "seed": 50020, "target_type": "apple", "recovery_type": "none", "success": true, "steps": 20, "execute_actions": 10, "smooth_alpha": 1.0, "post_success_cycles": 5, "mean_infer_ms": 4.420095402747393, "video": "/root/shared-nvme/logs/h50_formal_50k_no_smoothing/alpha_1.0/episode_005.mp4"}
{"episode": 6, "seed": 50024, "target_type": "apple", "recovery_type": "none", "success": true, "steps": 19, "execute_actions": 10, "smooth_alpha": 1.0, "post_success_cycles": 5, "mean_infer_ms": 4.84676561073253, "video": "/root/shared-nvme/logs/h50_formal_50k_no_smoothing/alpha_1.0/episode_006.mp4"}
{"episode": 7, "seed": 50028, "target_type": "apple", "recovery_type": "none", "success": true, "steps": 18, "execute_actions": 10, "smooth_alpha": 1.0, "post_success_cycles": 5, "mean_infer_ms": 5.034430159462823, "video": "/root/shared-nvme/logs/h50_formal_50k_no_smoothing/alpha_1.0/episode_007.mp4"}
{"episode": 8, "seed": 50032, "target_type": "apple", "recovery_type": "none", "success": true, "steps": 19, "execute_actions": 10, "smooth_alpha": 1.0, "post_success_cycles": 5, "mean_infer_ms": 4.401301769049544, "video": "/root/shared-nvme/logs/h50_formal_50k_no_smoothing/alpha_1.0/episode_008.mp4"}
{"episode": 9, "seed": 50036, "target_type": "apple", "recovery_type": "none", "success": true, "steps": 27, "execute_actions": 10, "smooth_alpha": 1.0, "post_success_cycles": 5, "mean_infer_ms": 4.431348500980271, "video": "/root/shared-nvme/logs/h50_formal_50k_no_smoothing/alpha_1.0/episode_009.mp4"}
{"episode": 10, "seed": 50003, "target_type": "box", "recovery_type": "none", "success": false, "steps": 100, "execute_actions": 10, "smooth_alpha": 1.0, "post_success_cycles": 5, "mean_infer_ms": 4.498331863433123, "video": "/root/shared-nvme/logs/h50_formal_50k_no_smoothing/alpha_1.0/episode_010.mp4"}
{"episode": 11, "seed": 50007, "target_type": "box", "recovery_type": "none", "success": true, "steps": 23, "execute_actions": 10, "smooth_alpha": 1.0, "post_success_cycles": 5, "mean_infer_ms": 4.450898536521455, "video": "/root/shared-nvme/logs/h50_formal_50k_no_smoothing/alpha_1.0/episode_011.mp4"}
{"episode": 12, "seed": 50011, "target_type": "box", "recovery_type": "none", "success": true, "steps": 21, "execute_actions": 10, "smooth_alpha": 1.0, "post_success_cycles": 5, "mean_infer_ms": 5.453925845878465, "video": "/root/shared-nvme/logs/h50_formal_50k_no_smoothing/alpha_1.0/episode_012.mp4"}
{"episode": 13, "seed": 50015, "target_type": "box", "recovery_type": "none", "success": true, "steps": 21, "execute_actions": 10, "smooth_alpha": 1.0, "post_success_cycles": 5, "mean_infer_ms": 4.294713870400474, "video": "/root/shared-nvme/logs/h50_formal_50k_no_smoothing/alpha_1.0/episode_013.mp4"}
{"episode": 14, "seed": 50019, "target_type": "box", "recovery_type": "none", "success": false, "steps": 100, "execute_actions": 10, "smooth_alpha": 1.0, "post_success_cycles": 5, "mean_infer_ms": 4.105965178459883, "video": "/root/shared-nvme/logs/h50_formal_50k_no_smoothing/alpha_1.0/episode_014.mp4"}
{"episode": 15, "seed": 50023, "target_type": "box", "recovery_type": "none", "success": true, "steps": 38, "execute_actions": 10, "smooth_alpha": 1.0, "post_success_cycles": 5, "mean_infer_ms": 4.10657214294923, "video": "/root/shared-nvme/logs/h50_formal_50k_no_smoothing/alpha_1.0/episode_015.mp4"}
{"episode": 16, "seed": 50027, "target_type": "box", "recovery_type": "none", "success": true, "steps": 24, "execute_actions": 10, "smooth_alpha": 1.0, "post_success_cycles": 5, "mean_infer_ms": 4.419374978169799, "video": "/root/shared-nvme/logs/h50_formal_50k_no_smoothing/alpha_1.0/episode_016.mp4"}
{"episode": 17, "seed": 50031, "target_type": "box", "recovery_type": "none", "success": true, "steps": 35, "execute_actions": 10, "smooth_alpha": 1.0, "post_success_cycles": 5, "mean_infer_ms": 4.672636836767197, "video": "/root/shared-nvme/logs/h50_formal_50k_no_smoothing/alpha_1.0/episode_017.mp4"}
{"episode": 18, "seed": 50035, "target_type": "box", "recovery_type": "none", "success": false, "steps": 100, "execute_actions": 10, "smooth_alpha": 1.0, "post_success_cycles": 5, "mean_infer_ms": 4.339338410645723, "video": "/root/shared-nvme/logs/h50_formal_50k_no_smoothing/alpha_1.0/episode_018.mp4"}
{"episode": 19, "seed": 50039, "target_type": "box", "recovery_type": "none", "success": false, "steps": 100, "execute_actions": 10, "smooth_alpha": 1.0, "post_success_cycles": 5, "mean_infer_ms": 4.4645764119923115, "video": "/root/shared-nvme/logs/h50_formal_50k_no_smoothing/alpha_1.0/episode_019.mp4"}
{"episode": 20, "seed": 50002, "target_type": "can", "recovery_type": "none", "success": true, "steps": 25, "execute_actions": 10, "smooth_alpha": 1.0, "post_success_cycles": 5, "mean_infer_ms": 4.649453163146973, "video": "/root/shared-nvme/logs/h50_formal_50k_no_smoothing/alpha_1.0/episode_020.mp4"}
{"episode": 21, "seed": 50006, "target_type": "can", "recovery_type": "none", "success": true, "steps": 19, "execute_actions": 10, "smooth_alpha": 1.0, "post_success_cycles": 5, "mean_infer_ms": 4.915762692689896, "video": "/root/shared-nvme/logs/h50_formal_50k_no_smoothing/alpha_1.0/episode_021.mp4"}
{"episode": 22, "seed": 50010, "target_type": "can", "recovery_type": "none", "success": true, "steps": 21, "execute_actions": 10, "smooth_alpha": 1.0, "post_success_cycles": 5, "mean_infer_ms": 5.037787059942882, "video": "/root/shared-nvme/logs/h50_formal_50k_no_smoothing/alpha_1.0/episode_022.mp4"}
{"episode": 23, "seed": 50014, "target_type": "can", "recovery_type": "none", "success": true, "steps": 19, "execute_actions": 10, "smooth_alpha": 1.0, "post_success_cycles": 5, "mean_infer_ms": 4.120448506192157, "video": "/root/shared-nvme/logs/h50_formal_50k_no_smoothing/alpha_1.0/episode_023.mp4"}
{"episode": 24, "seed": 50018, "target_type": "can", "recovery_type": "none", "success": true, "steps": 17, "execute_actions": 10, "smooth_alpha": 1.0, "post_success_cycles": 5, "mean_infer_ms": 4.174571265192593, "video": "/root/shared-nvme/logs/h50_formal_50k_no_smoothing/alpha_1.0/episode_024.mp4"}
{"episode": 25, "seed": 50022, "target_type": "can", "recovery_type": "none", "success": true, "steps": 23, "execute_actions": 10, "smooth_alpha": 1.0, "post_success_cycles": 5, "mean_infer_ms": 4.26309523375138, "video": "/root/shared-nvme/logs/h50_formal_50k_no_smoothing/alpha_1.0/episode_025.mp4"}
{"episode": 26, "seed": 50026, "target_type": "can", "recovery_type": "none", "success": true, "steps": 23, "execute_actions": 10, "smooth_alpha": 1.0, "post_success_cycles": 5, "mean_infer_ms": 4.427570120795913, "video": "/root/shared-nvme/logs/h50_formal_50k_no_smoothing/alpha_1.0/episode_026.mp4"}
{"episode": 27, "seed": 50030, "target_type": "can", "recovery_type": "none", "success": true, "steps": 24, "execute_actions": 10, "smooth_alpha": 1.0, "post_success_cycles": 5, "mean_infer_ms": 4.410649028917153, "video": "/root/shared-nvme/logs/h50_formal_50k_no_smoothing/alpha_1.0/episode_027.mp4"}
{"episode": 28, "seed": 50034, "target_type": "can", "recovery_type": "none", "success": true, "steps": 24, "execute_actions": 10, "smooth_alpha": 1.0, "post_success_cycles": 5, "mean_infer_ms": 4.118297016248107, "video": "/root/shared-nvme/logs/h50_formal_50k_no_smoothing/alpha_1.0/episode_028.mp4"}
{"episode": 29, "seed": 50038, "target_type": "can", "recovery_type": "none", "success": true, "steps": 26, "execute_actions": 10, "smooth_alpha": 1.0, "post_success_cycles": 5, "mean_infer_ms": 4.587835130783228, "video": "/root/shared-nvme/logs/h50_formal_50k_no_smoothing/alpha_1.0/episode_029.mp4"}
{"episode": 30, "seed": 50001, "target_type": "orange", "recovery_type": "none", "success": true, "steps": 29, "execute_actions": 10, "smooth_alpha": 1.0, "post_success_cycles": 5, "mean_infer_ms": 4.294118426483253, "video": "/root/shared-nvme/logs/h50_formal_50k_no_smoothing/alpha_1.0/episode_030.mp4"}
{"episode": 31, "seed": 50005, "target_type": "orange", "recovery_type": "none", "success": true, "steps": 60, "execute_actions": 10, "smooth_alpha": 1.0, "post_success_cycles": 5, "mean_infer_ms": 4.174335114657879, "video": "/root/shared-nvme/logs/h50_formal_50k_no_smoothing/alpha_1.0/episode_031.mp4"}
{"episode": 32, "seed": 50009, "target_type": "orange", "recovery_type": "none", "success": true, "steps": 20, "execute_actions": 10, "smooth_alpha": 1.0, "post_success_cycles": 5, "mean_infer_ms": 4.215903766453266, "video": "/root/shared-nvme/logs/h50_formal_50k_no_smoothing/alpha_1.0/episode_032.mp4"}
{"episode": 33, "seed": 50013, "target_type": "orange", "recovery_type": "none", "success": true, "steps": 31, "execute_actions": 10, "smooth_alpha": 1.0, "post_success_cycles": 5, "mean_infer_ms": 4.329923600439103, "video": "/root/shared-nvme/logs/h50_formal_50k_no_smoothing/alpha_1.0/episode_033.mp4"}
{"episode": 34, "seed": 50017, "target_type": "orange", "recovery_type": "none", "success": true, "steps": 21, "execute_actions": 10, "smooth_alpha": 1.0, "post_success_cycles": 5, "mean_infer_ms": 4.171851135435558, "video": "/root/shared-nvme/logs/h50_formal_50k_no_smoothing/alpha_1.0/episode_034.mp4"}
{"episode": 35, "seed": 50021, "target_type": "orange", "recovery_type": "none", "success": true, "steps": 32, "execute_actions": 10, "smooth_alpha": 1.0, "post_success_cycles": 5, "mean_infer_ms": 4.217348468955606, "video": "/root/shared-nvme/logs/h50_formal_50k_no_smoothing/alpha_1.0/episode_035.mp4"}
{"episode": 36, "seed": 50025, "target_type": "orange", "recovery_type": "none", "success": false, "steps": 100, "execute_actions": 10, "smooth_alpha": 1.0, "post_success_cycles": 5, "mean_infer_ms": 4.315574374049902, "video": "/root/shared-nvme/logs/h50_formal_50k_no_smoothing/alpha_1.0/episode_036.mp4"}
{"episode": 37, "seed": 50029, "target_type": "orange", "recovery_type": "none", "success": false, "steps": 100, "execute_actions": 10, "smooth_alpha": 1.0, "post_success_cycles": 5, "mean_infer_ms": 4.24513628706336, "video": "/root/shared-nvme/logs/h50_formal_50k_no_smoothing/alpha_1.0/episode_037.mp4"}
{"episode": 38, "seed": 50033, "target_type": "orange", "recovery_type": "none", "success": true, "steps": 50, "execute_actions": 10, "smooth_alpha": 1.0, "post_success_cycles": 5, "mean_infer_ms": 4.2994871363043785, "video": "/root/shared-nvme/logs/h50_formal_50k_no_smoothing/alpha_1.0/episode_038.mp4"}
{"episode": 39, "seed": 50037, "target_type": "orange", "recovery_type": "none", "success": true, "steps": 27, "execute_actions": 10, "smooth_alpha": 1.0, "post_success_cycles": 5, "mean_infer_ms": 4.163846580518617, "video": "/root/shared-nvme/logs/h50_formal_50k_no_smoothing/alpha_1.0/episode_039.mp4"}
{
  "config": "pi05_panda_h50_formal",
  "checkpoint": "/root/shared-nvme/checkpoints/pi05_panda_h50_formal/panda_h50_formal_v1/50000",
  "episodes": 40,
  "successes": 32,
  "success_rate": 0.8,
  "results": [
    {
      "episode": 0,
      "seed": 50000,
      "target_type": "apple",
      "recovery_type": "none",
      "success": false,
      "steps": 100,
      "execute_actions": 10,
      "smooth_alpha": 1.0,
      "post_success_cycles": 5,
      "mean_infer_ms": 269.2824733629823,
      "video": "/root/shared-nvme/logs/h50_formal_50k_no_smoothing/alpha_1.0/episode_000.mp4"
    },
    {
      "episode": 1,
      "seed": 50004,
      "target_type": "apple",
      "recovery_type": "none",
      "success": true,
      "steps": 33,
      "execute_actions": 10,
      "smooth_alpha": 1.0,
      "post_success_cycles": 5,
      "mean_infer_ms": 4.1644159478671625,
      "video": "/root/shared-nvme/logs/h50_formal_50k_no_smoothing/alpha_1.0/episode_001.mp4"
    },
    {
      "episode": 2,
      "seed": 50008,
      "target_type": "apple",
      "recovery_type": "none",
      "success": false,
      "steps": 100,
      "execute_actions": 10,
      "smooth_alpha": 1.0,
      "post_success_cycles": 5,
      "mean_infer_ms": 4.292879682034254,
      "video": "/root/shared-nvme/logs/h50_formal_50k_no_smoothing/alpha_1.0/episode_002.mp4"
    },
    {
      "episode": 3,
      "seed": 50012,
      "target_type": "apple",
      "recovery_type": "none",
      "success": true,
      "steps": 27,
      "execute_actions": 10,
      "smooth_alpha": 1.0,
      "post_success_cycles": 5,
      "mean_infer_ms": 4.220681333983386,
      "video": "/root/shared-nvme/logs/h50_formal_50k_no_smoothing/alpha_1.0/episode_003.mp4"
    },
    {
      "episode": 4,
      "seed": 50016,
      "target_type": "apple",
      "recovery_type": "none",
      "success": true,
      "steps": 86,
      "execute_actions": 10,
      "smooth_alpha": 1.0,
      "post_success_cycles": 5,
      "mean_infer_ms": 4.432468133610349,
      "video": "/root/shared-nvme/logs/h50_formal_50k_no_smoothing/alpha_1.0/episode_004.mp4"
    },
    {
      "episode": 5,
      "seed": 50020,
      "target_type": "apple",
      "recovery_type": "none",
      "success": true,
      "steps": 20,
      "execute_actions": 10,
      "smooth_alpha": 1.0,
      "post_success_cycles": 5,
      "mean_infer_ms": 4.420095402747393,
      "video": "/root/shared-nvme/logs/h50_formal_50k_no_smoothing/alpha_1.0/episode_005.mp4"
    },
    {
      "episode": 6,
      "seed": 50024,
      "target_type": "apple",
      "recovery_type": "none",
      "success": true,
      "steps": 19,
      "execute_actions": 10,
      "smooth_alpha": 1.0,
      "post_success_cycles": 5,
      "mean_infer_ms": 4.84676561073253,
      "video": "/root/shared-nvme/logs/h50_formal_50k_no_smoothing/alpha_1.0/episode_006.mp4"
    },
    {
      "episode": 7,
      "seed": 50028,
      "target_type": "apple",
      "recovery_type": "none",
      "success": true,
      "steps": 18,
      "execute_actions": 10,
      "smooth_alpha": 1.0,
      "post_success_cycles": 5,
      "mean_infer_ms": 5.034430159462823,
      "video": "/root/shared-nvme/logs/h50_formal_50k_no_smoothing/alpha_1.0/episode_007.mp4"
    },
    {
      "episode": 8,
      "seed": 50032,
      "target_type": "apple",
      "recovery_type": "none",
      "success": true,
      "steps": 19,
      "execute_actions": 10,
      "smooth_alpha": 1.0,
      "post_success_cycles": 5,
      "mean_infer_ms": 4.401301769049544,
      "video": "/root/shared-nvme/logs/h50_formal_50k_no_smoothing/alpha_1.0/episode_008.mp4"
    },
    {
      "episode": 9,
      "seed": 50036,
      "target_type": "apple",
      "recovery_type": "none",
      "success": true,
      "steps": 27,
      "execute_actions": 10,
      "smooth_alpha": 1.0,
      "post_success_cycles": 5,
      "mean_infer_ms": 4.431348500980271,
      "video": "/root/shared-nvme/logs/h50_formal_50k_no_smoothing/alpha_1.0/episode_009.mp4"
    },
    {
      "episode": 10,
      "seed": 50003,
      "target_type": "box",
      "recovery_type": "none",
      "success": false,
      "steps": 100,
      "execute_actions": 10,
      "smooth_alpha": 1.0,
      "post_success_cycles": 5,
      "mean_infer_ms": 4.498331863433123,
      "video": "/root/shared-nvme/logs/h50_formal_50k_no_smoothing/alpha_1.0/episode_010.mp4"
    },
    {
      "episode": 11,
      "seed": 50007,
      "target_type": "box",
      "recovery_type": "none",
      "success": true,
      "steps": 23,
      "execute_actions": 10,
      "smooth_alpha": 1.0,
      "post_success_cycles": 5,
      "mean_infer_ms": 4.450898536521455,
      "video": "/root/shared-nvme/logs/h50_formal_50k_no_smoothing/alpha_1.0/episode_011.mp4"
    },
    {
      "episode": 12,
      "seed": 50011,
      "target_type": "box",
      "recovery_type": "none",
      "success": true,
      "steps": 21,
      "execute_actions": 10,
      "smooth_alpha": 1.0,
      "post_success_cycles": 5,
      "mean_infer_ms": 5.453925845878465,
      "video": "/root/shared-nvme/logs/h50_formal_50k_no_smoothing/alpha_1.0/episode_012.mp4"
    },
    {
      "episode": 13,
      "seed": 50015,
      "target_type": "box",
      "recovery_type": "none",
      "success": true,
      "steps": 21,
      "execute_actions": 10,
      "smooth_alpha": 1.0,
      "post_success_cycles": 5,
      "mean_infer_ms": 4.294713870400474,
      "video": "/root/shared-nvme/logs/h50_formal_50k_no_smoothing/alpha_1.0/episode_013.mp4"
    },
    {
      "episode": 14,
      "seed": 50019,
      "target_type": "box",
      "recovery_type": "none",
      "success": false,
      "steps": 100,
      "execute_actions": 10,
      "smooth_alpha": 1.0,
      "post_success_cycles": 5,
      "mean_infer_ms": 4.105965178459883,
      "video": "/root/shared-nvme/logs/h50_formal_50k_no_smoothing/alpha_1.0/episode_014.mp4"
    },
    {
      "episode": 15,
      "seed": 50023,
      "target_type": "box",
      "recovery_type": "none",
      "success": true,
      "steps": 38,
      "execute_actions": 10,
      "smooth_alpha": 1.0,
      "post_success_cycles": 5,
      "mean_infer_ms": 4.10657214294923,
      "video": "/root/shared-nvme/logs/h50_formal_50k_no_smoothing/alpha_1.0/episode_015.mp4"
    },
    {
      "episode": 16,
      "seed": 50027,
      "target_type": "box",
      "recovery_type": "none",
      "success": true,
      "steps": 24,
      "execute_actions": 10,
      "smooth_alpha": 1.0,
      "post_success_cycles": 5,
      "mean_infer_ms": 4.419374978169799,
      "video": "/root/shared-nvme/logs/h50_formal_50k_no_smoothing/alpha_1.0/episode_016.mp4"
    },
    {
      "episode": 17,
      "seed": 50031,
      "target_type": "box",
      "recovery_type": "none",
      "success": true,
      "steps": 35,
      "execute_actions": 10,
      "smooth_alpha": 1.0,
      "post_success_cycles": 5,
      "mean_infer_ms": 4.672636836767197,
      "video": "/root/shared-nvme/logs/h50_formal_50k_no_smoothing/alpha_1.0/episode_017.mp4"
    },
    {
      "episode": 18,
      "seed": 50035,
      "target_type": "box",
      "recovery_type": "none",
      "success": false,
      "steps": 100,
      "execute_actions": 10,
      "smooth_alpha": 1.0,
      "post_success_cycles": 5,
      "mean_infer_ms": 4.339338410645723,
      "video": "/root/shared-nvme/logs/h50_formal_50k_no_smoothing/alpha_1.0/episode_018.mp4"
    },
    {
      "episode": 19,
      "seed": 50039,
      "target_type": "box",
      "recovery_type": "none",
      "success": false,
      "steps": 100,
      "execute_actions": 10,
      "smooth_alpha": 1.0,
      "post_success_cycles": 5,
      "mean_infer_ms": 4.4645764119923115,
      "video": "/root/shared-nvme/logs/h50_formal_50k_no_smoothing/alpha_1.0/episode_019.mp4"
    },
    {
      "episode": 20,
      "seed": 50002,
      "target_type": "can",
      "recovery_type": "none",
      "success": true,
      "steps": 25,
      "execute_actions": 10,
      "smooth_alpha": 1.0,
      "post_success_cycles": 5,
      "mean_infer_ms": 4.649453163146973,
      "video": "/root/shared-nvme/logs/h50_formal_50k_no_smoothing/alpha_1.0/episode_020.mp4"
    },
    {
      "episode": 21,
      "seed": 50006,
      "target_type": "can",
      "recovery_type": "none",
      "success": true,
      "steps": 19,
      "execute_actions": 10,
      "smooth_alpha": 1.0,
      "post_success_cycles": 5,
      "mean_infer_ms": 4.915762692689896,
      "video": "/root/shared-nvme/logs/h50_formal_50k_no_smoothing/alpha_1.0/episode_021.mp4"
    },
    {
      "episode": 22,
      "seed": 50010,
      "target_type": "can",
      "recovery_type": "none",
      "success": true,
      "steps": 21,
      "execute_actions": 10,
      "smooth_alpha": 1.0,
      "post_success_cycles": 5,
      "mean_infer_ms": 5.037787059942882,
      "video": "/root/shared-nvme/logs/h50_formal_50k_no_smoothing/alpha_1.0/episode_022.mp4"
    },
    {
      "episode": 23,
      "seed": 50014,
      "target_type": "can",
      "recovery_type": "none",
      "success": true,
      "steps": 19,
      "execute_actions": 10,
      "smooth_alpha": 1.0,
      "post_success_cycles": 5,
      "mean_infer_ms": 4.120448506192157,
      "video": "/root/shared-nvme/logs/h50_formal_50k_no_smoothing/alpha_1.0/episode_023.mp4"
    },
    {
      "episode": 24,
      "seed": 50018,
      "target_type": "can",
      "recovery_type": "none",
      "success": true,
      "steps": 17,
      "execute_actions": 10,
      "smooth_alpha": 1.0,
      "post_success_cycles": 5,
      "mean_infer_ms": 4.174571265192593,
      "video": "/root/shared-nvme/logs/h50_formal_50k_no_smoothing/alpha_1.0/episode_024.mp4"
    },
    {
      "episode": 25,
      "seed": 50022,
      "target_type": "can",
      "recovery_type": "none",
      "success": true,
      "steps": 23,
      "execute_actions": 10,
      "smooth_alpha": 1.0,
      "post_success_cycles": 5,
      "mean_infer_ms": 4.26309523375138,
      "video": "/root/shared-nvme/logs/h50_formal_50k_no_smoothing/alpha_1.0/episode_025.mp4"
    },
    {
      "episode": 26,
      "seed": 50026,
      "target_type": "can",
      "recovery_type": "none",
      "success": true,
      "steps": 23,
      "execute_actions": 10,
      "smooth_alpha": 1.0,
      "post_success_cycles": 5,
      "mean_infer_ms": 4.427570120795913,
      "video": "/root/shared-nvme/logs/h50_formal_50k_no_smoothing/alpha_1.0/episode_026.mp4"
    },
    {
      "episode": 27,
      "seed": 50030,
      "target_type": "can",
      "recovery_type": "none",
      "success": true,
      "steps": 24,
      "execute_actions": 10,
      "smooth_alpha": 1.0,
      "post_success_cycles": 5,
      "mean_infer_ms": 4.410649028917153,
      "video": "/root/shared-nvme/logs/h50_formal_50k_no_smoothing/alpha_1.0/episode_027.mp4"
    },
    {
      "episode": 28,
      "seed": 50034,
      "target_type": "can",
      "recovery_type": "none",
      "success": true,
      "steps": 24,
      "execute_actions": 10,
      "smooth_alpha": 1.0,
      "post_success_cycles": 5,
      "mean_infer_ms": 4.118297016248107,
      "video": "/root/shared-nvme/logs/h50_formal_50k_no_smoothing/alpha_1.0/episode_028.mp4"
    },
    {
      "episode": 29,
      "seed": 50038,
      "target_type": "can",
      "recovery_type": "none",
      "success": true,
      "steps": 26,
      "execute_actions": 10,
      "smooth_alpha": 1.0,
      "post_success_cycles": 5,
      "mean_infer_ms": 4.587835130783228,
      "video": "/root/shared-nvme/logs/h50_formal_50k_no_smoothing/alpha_1.0/episode_029.mp4"
    },
    {
      "episode": 30,
      "seed": 50001,
      "target_type": "orange",
      "recovery_type": "none",
      "success": true,
      "steps": 29,
      "execute_actions": 10,
      "smooth_alpha": 1.0,
      "post_success_cycles": 5,
      "mean_infer_ms": 4.294118426483253,
      "video": "/root/shared-nvme/logs/h50_formal_50k_no_smoothing/alpha_1.0/episode_030.mp4"
    },
    {
      "episode": 31,
      "seed": 50005,
      "target_type": "orange",
      "recovery_type": "none",
      "success": true,
      "steps": 60,
      "execute_actions": 10,
      "smooth_alpha": 1.0,
      "post_success_cycles": 5,
      "mean_infer_ms": 4.174335114657879,
      "video": "/root/shared-nvme/logs/h50_formal_50k_no_smoothing/alpha_1.0/episode_031.mp4"
    },
    {
      "episode": 32,
      "seed": 50009,
      "target_type": "orange",
      "recovery_type": "none",
      "success": true,
      "steps": 20,
      "execute_actions": 10,
      "smooth_alpha": 1.0,
      "post_success_cycles": 5,
      "mean_infer_ms": 4.215903766453266,
      "video": "/root/shared-nvme/logs/h50_formal_50k_no_smoothing/alpha_1.0/episode_032.mp4"
    },
    {
      "episode": 33,
      "seed": 50013,
      "target_type": "orange",
      "recovery_type": "none",
      "success": true,
      "steps": 31,
      "execute_actions": 10,
      "smooth_alpha": 1.0,
      "post_success_cycles": 5,
      "mean_infer_ms": 4.329923600439103,
      "video": "/root/shared-nvme/logs/h50_formal_50k_no_smoothing/alpha_1.0/episode_033.mp4"
    },
    {
      "episode": 34,
      "seed": 50017,
      "target_type": "orange",
      "recovery_type": "none",
      "success": true,
      "steps": 21,
      "execute_actions": 10,
      "smooth_alpha": 1.0,
      "post_success_cycles": 5,
      "mean_infer_ms": 4.171851135435558,
      "video": "/root/shared-nvme/logs/h50_formal_50k_no_smoothing/alpha_1.0/episode_034.mp4"
    },
    {
      "episode": 35,
      "seed": 50021,
      "target_type": "orange",
      "recovery_type": "none",
      "success": true,
      "steps": 32,
      "execute_actions": 10,
      "smooth_alpha": 1.0,
      "post_success_cycles": 5,
      "mean_infer_ms": 4.217348468955606,
      "video": "/root/shared-nvme/logs/h50_formal_50k_no_smoothing/alpha_1.0/episode_035.mp4"
    },
    {
      "episode": 36,
      "seed": 50025,
      "target_type": "orange",
      "recovery_type": "none",
      "success": false,
      "steps": 100,
      "execute_actions": 10,
      "smooth_alpha": 1.0,
      "post_success_cycles": 5,
      "mean_infer_ms": 4.315574374049902,
      "video": "/root/shared-nvme/logs/h50_formal_50k_no_smoothing/alpha_1.0/episode_036.mp4"
    },
    {
      "episode": 37,
      "seed": 50029,
      "target_type": "orange",
      "recovery_type": "none",
      "success": false,
      "steps": 100,
      "execute_actions": 10,
      "smooth_alpha": 1.0,
      "post_success_cycles": 5,
      "mean_infer_ms": 4.24513628706336,
      "video": "/root/shared-nvme/logs/h50_formal_50k_no_smoothing/alpha_1.0/episode_037.mp4"
    },
    {
      "episode": 38,
      "seed": 50033,
      "target_type": "orange",
      "recovery_type": "none",
      "success": true,
      "steps": 50,
      "execute_actions": 10,
      "smooth_alpha": 1.0,
      "post_success_cycles": 5,
      "mean_infer_ms": 4.2994871363043785,
      "video": "/root/shared-nvme/logs/h50_formal_50k_no_smoothing/alpha_1.0/episode_038.mp4"
    },
    {
      "episode": 39,
      "seed": 50037,
      "target_type": "orange",
      "recovery_type": "none",
      "success": true,
      "steps": 27,
      "execute_actions": 10,
      "smooth_alpha": 1.0,
      "post_success_cycles": 5,
      "mean_infer_ms": 4.163846580518617,
      "video": "/root/shared-nvme/logs/h50_formal_50k_no_smoothing/alpha_1.0/episode_039.mp4"
    }
  ]
}
