2026-09-12 18:58:55.603370: W external/xla/xla/stream_executor/cuda/subprocess_compilation.cc:237] Falling back to the CUDA driver for PTX compilation; ptxas does not support CC 12.0
2026-09-12 18:58:55.603385: W external/xla/xla/stream_executor/cuda/subprocess_compilation.cc:240] Used ptxas at /usr/local/cuda/bin/ptxas
2026-09-12 18:58:55.603460: W external/xla/xla/stream_executor/gpu/redzone_allocator_kernel_cuda.cc:135] UNIMPLEMENTED: /usr/local/cuda/bin/ptxas ptxas too old. Falling back to the driver to compile.
Relying on driver to perform ptx compilation. 
Modify $PATH to customize ptxas location.
This message will be only logged once.
{"episode": 0, "seed": 50000, "target_type": "apple", "recovery_type": "none", "success": false, "steps": 100, "execute_actions": 10, "smooth_alpha": 1.0, "post_success_cycles": 5, "mean_infer_ms": 245.92680346220732, "video": "/root/shared-nvme/logs/h50_formal_100k_matrix/normal/alpha_1.0/episode_000.mp4"}
{"episode": 1, "seed": 50004, "target_type": "apple", "recovery_type": "none", "success": true, "steps": 27, "execute_actions": 10, "smooth_alpha": 1.0, "post_success_cycles": 5, "mean_infer_ms": 5.476311677032047, "video": "/root/shared-nvme/logs/h50_formal_100k_matrix/normal/alpha_1.0/episode_001.mp4"}
{"episode": 2, "seed": 50008, "target_type": "apple", "recovery_type": "none", "success": true, "steps": 31, "execute_actions": 10, "smooth_alpha": 1.0, "post_success_cycles": 5, "mean_infer_ms": 5.4383753168006095, "video": "/root/shared-nvme/logs/h50_formal_100k_matrix/normal/alpha_1.0/episode_002.mp4"}
{"episode": 3, "seed": 50012, "target_type": "apple", "recovery_type": "none", "success": true, "steps": 21, "execute_actions": 10, "smooth_alpha": 1.0, "post_success_cycles": 5, "mean_infer_ms": 5.354562242116247, "video": "/root/shared-nvme/logs/h50_formal_100k_matrix/normal/alpha_1.0/episode_003.mp4"}
{"episode": 4, "seed": 50016, "target_type": "apple", "recovery_type": "none", "success": true, "steps": 23, "execute_actions": 10, "smooth_alpha": 1.0, "post_success_cycles": 5, "mean_infer_ms": 5.343815878681514, "video": "/root/shared-nvme/logs/h50_formal_100k_matrix/normal/alpha_1.0/episode_004.mp4"}
{"episode": 5, "seed": 50020, "target_type": "apple", "recovery_type": "none", "success": true, "steps": 100, "execute_actions": 10, "smooth_alpha": 1.0, "post_success_cycles": 5, "mean_infer_ms": 5.570524521172047, "video": "/root/shared-nvme/logs/h50_formal_100k_matrix/normal/alpha_1.0/episode_005.mp4"}
{"episode": 6, "seed": 50024, "target_type": "apple", "recovery_type": "none", "success": true, "steps": 17, "execute_actions": 10, "smooth_alpha": 1.0, "post_success_cycles": 5, "mean_infer_ms": 5.826329374138047, "video": "/root/shared-nvme/logs/h50_formal_100k_matrix/normal/alpha_1.0/episode_006.mp4"}
{"episode": 7, "seed": 50028, "target_type": "apple", "recovery_type": "none", "success": true, "steps": 21, "execute_actions": 10, "smooth_alpha": 1.0, "post_success_cycles": 5, "mean_infer_ms": 5.870272538491657, "video": "/root/shared-nvme/logs/h50_formal_100k_matrix/normal/alpha_1.0/episode_007.mp4"}
{"episode": 8, "seed": 50032, "target_type": "apple", "recovery_type": "none", "success": true, "steps": 31, "execute_actions": 10, "smooth_alpha": 1.0, "post_success_cycles": 5, "mean_infer_ms": 5.8993304809254985, "video": "/root/shared-nvme/logs/h50_formal_100k_matrix/normal/alpha_1.0/episode_008.mp4"}
{"episode": 9, "seed": 50036, "target_type": "apple", "recovery_type": "none", "success": true, "steps": 17, "execute_actions": 10, "smooth_alpha": 1.0, "post_success_cycles": 5, "mean_infer_ms": 5.384519696235657, "video": "/root/shared-nvme/logs/h50_formal_100k_matrix/normal/alpha_1.0/episode_009.mp4"}
{"episode": 10, "seed": 50003, "target_type": "box", "recovery_type": "none", "success": false, "steps": 100, "execute_actions": 10, "smooth_alpha": 1.0, "post_success_cycles": 5, "mean_infer_ms": 5.482926890254021, "video": "/root/shared-nvme/logs/h50_formal_100k_matrix/normal/alpha_1.0/episode_010.mp4"}
{"episode": 11, "seed": 50007, "target_type": "box", "recovery_type": "none", "success": true, "steps": 21, "execute_actions": 10, "smooth_alpha": 1.0, "post_success_cycles": 5, "mean_infer_ms": 5.38765186710017, "video": "/root/shared-nvme/logs/h50_formal_100k_matrix/normal/alpha_1.0/episode_011.mp4"}
{"episode": 12, "seed": 50011, "target_type": "box", "recovery_type": "none", "success": true, "steps": 21, "execute_actions": 10, "smooth_alpha": 1.0, "post_success_cycles": 5, "mean_infer_ms": 5.831734410354069, "video": "/root/shared-nvme/logs/h50_formal_100k_matrix/normal/alpha_1.0/episode_012.mp4"}
{"episode": 13, "seed": 50015, "target_type": "box", "recovery_type": "none", "success": true, "steps": 18, "execute_actions": 10, "smooth_alpha": 1.0, "post_success_cycles": 5, "mean_infer_ms": 5.814342345628473, "video": "/root/shared-nvme/logs/h50_formal_100k_matrix/normal/alpha_1.0/episode_013.mp4"}
{"episode": 14, "seed": 50019, "target_type": "box", "recovery_type": "none", "success": false, "steps": 100, "execute_actions": 10, "smooth_alpha": 1.0, "post_success_cycles": 5, "mean_infer_ms": 5.700589790940285, "video": "/root/shared-nvme/logs/h50_formal_100k_matrix/normal/alpha_1.0/episode_014.mp4"}
{"episode": 15, "seed": 50023, "target_type": "box", "recovery_type": "none", "success": true, "steps": 19, "execute_actions": 10, "smooth_alpha": 1.0, "post_success_cycles": 5, "mean_infer_ms": 5.370856703896272, "video": "/root/shared-nvme/logs/h50_formal_100k_matrix/normal/alpha_1.0/episode_015.mp4"}
{"episode": 16, "seed": 50027, "target_type": "box", "recovery_type": "none", "success": true, "steps": 22, "execute_actions": 10, "smooth_alpha": 1.0, "post_success_cycles": 5, "mean_infer_ms": 5.396022715351799, "video": "/root/shared-nvme/logs/h50_formal_100k_matrix/normal/alpha_1.0/episode_016.mp4"}
{"episode": 17, "seed": 50031, "target_type": "box", "recovery_type": "none", "success": true, "steps": 36, "execute_actions": 10, "smooth_alpha": 1.0, "post_success_cycles": 5, "mean_infer_ms": 6.003458570275042, "video": "/root/shared-nvme/logs/h50_formal_100k_matrix/normal/alpha_1.0/episode_017.mp4"}
{"episode": 18, "seed": 50035, "target_type": "box", "recovery_type": "none", "success": true, "steps": 20, "execute_actions": 10, "smooth_alpha": 1.0, "post_success_cycles": 5, "mean_infer_ms": 6.279341410845518, "video": "/root/shared-nvme/logs/h50_formal_100k_matrix/normal/alpha_1.0/episode_018.mp4"}
{"episode": 19, "seed": 50039, "target_type": "box", "recovery_type": "none", "success": false, "steps": 100, "execute_actions": 10, "smooth_alpha": 1.0, "post_success_cycles": 5, "mean_infer_ms": 5.992230586707592, "video": "/root/shared-nvme/logs/h50_formal_100k_matrix/normal/alpha_1.0/episode_019.mp4"}
{"episode": 20, "seed": 50002, "target_type": "can", "recovery_type": "none", "success": true, "steps": 22, "execute_actions": 10, "smooth_alpha": 1.0, "post_success_cycles": 5, "mean_infer_ms": 6.196619519455866, "video": "/root/shared-nvme/logs/h50_formal_100k_matrix/normal/alpha_1.0/episode_020.mp4"}
{"episode": 21, "seed": 50006, "target_type": "can", "recovery_type": "none", "success": true, "steps": 17, "execute_actions": 10, "smooth_alpha": 1.0, "post_success_cycles": 5, "mean_infer_ms": 5.478348692550378, "video": "/root/shared-nvme/logs/h50_formal_100k_matrix/normal/alpha_1.0/episode_021.mp4"}
{"episode": 22, "seed": 50010, "target_type": "can", "recovery_type": "none", "success": true, "steps": 19, "execute_actions": 10, "smooth_alpha": 1.0, "post_success_cycles": 5, "mean_infer_ms": 5.690801790670345, "video": "/root/shared-nvme/logs/h50_formal_100k_matrix/normal/alpha_1.0/episode_022.mp4"}
{"episode": 23, "seed": 50014, "target_type": "can", "recovery_type": "none", "success": true, "steps": 18, "execute_actions": 10, "smooth_alpha": 1.0, "post_success_cycles": 5, "mean_infer_ms": 5.413778540160921, "video": "/root/shared-nvme/logs/h50_formal_100k_matrix/normal/alpha_1.0/episode_023.mp4"}
{"episode": 24, "seed": 50018, "target_type": "can", "recovery_type": "none", "success": true, "steps": 19, "execute_actions": 10, "smooth_alpha": 1.0, "post_success_cycles": 5, "mean_infer_ms": 5.309629205026124, "video": "/root/shared-nvme/logs/h50_formal_100k_matrix/normal/alpha_1.0/episode_024.mp4"}
{"episode": 25, "seed": 50022, "target_type": "can", "recovery_type": "none", "success": true, "steps": 23, "execute_actions": 10, "smooth_alpha": 1.0, "post_success_cycles": 5, "mean_infer_ms": 5.327385809758435, "video": "/root/shared-nvme/logs/h50_formal_100k_matrix/normal/alpha_1.0/episode_025.mp4"}
{"episode": 26, "seed": 50026, "target_type": "can", "recovery_type": "none", "success": true, "steps": 21, "execute_actions": 10, "smooth_alpha": 1.0, "post_success_cycles": 5, "mean_infer_ms": 5.331558929312797, "video": "/root/shared-nvme/logs/h50_formal_100k_matrix/normal/alpha_1.0/episode_026.mp4"}
{"episode": 27, "seed": 50030, "target_type": "can", "recovery_type": "none", "success": true, "steps": 23, "execute_actions": 10, "smooth_alpha": 1.0, "post_success_cycles": 5, "mean_infer_ms": 5.354993693206621, "video": "/root/shared-nvme/logs/h50_formal_100k_matrix/normal/alpha_1.0/episode_027.mp4"}
{"episode": 28, "seed": 50034, "target_type": "can", "recovery_type": "none", "success": true, "steps": 21, "execute_actions": 10, "smooth_alpha": 1.0, "post_success_cycles": 5, "mean_infer_ms": 5.801232442969368, "video": "/root/shared-nvme/logs/h50_formal_100k_matrix/normal/alpha_1.0/episode_028.mp4"}
{"episode": 29, "seed": 50038, "target_type": "can", "recovery_type": "none", "success": true, "steps": 24, "execute_actions": 10, "smooth_alpha": 1.0, "post_success_cycles": 5, "mean_infer_ms": 6.3845425223310786, "video": "/root/shared-nvme/logs/h50_formal_100k_matrix/normal/alpha_1.0/episode_029.mp4"}
{"episode": 30, "seed": 50001, "target_type": "orange", "recovery_type": "none", "success": true, "steps": 40, "execute_actions": 10, "smooth_alpha": 1.0, "post_success_cycles": 5, "mean_infer_ms": 5.416949326172471, "video": "/root/shared-nvme/logs/h50_formal_100k_matrix/normal/alpha_1.0/episode_030.mp4"}
{"episode": 31, "seed": 50005, "target_type": "orange", "recovery_type": "none", "success": false, "steps": 100, "execute_actions": 10, "smooth_alpha": 1.0, "post_success_cycles": 5, "mean_infer_ms": 5.331401024013758, "video": "/root/shared-nvme/logs/h50_formal_100k_matrix/normal/alpha_1.0/episode_031.mp4"}
{"episode": 32, "seed": 50009, "target_type": "orange", "recovery_type": "none", "success": true, "steps": 75, "execute_actions": 10, "smooth_alpha": 1.0, "post_success_cycles": 5, "mean_infer_ms": 5.728985791405042, "video": "/root/shared-nvme/logs/h50_formal_100k_matrix/normal/alpha_1.0/episode_032.mp4"}
{"episode": 33, "seed": 50013, "target_type": "orange", "recovery_type": "none", "success": true, "steps": 25, "execute_actions": 10, "smooth_alpha": 1.0, "post_success_cycles": 5, "mean_infer_ms": 5.467055439949036, "video": "/root/shared-nvme/logs/h50_formal_100k_matrix/normal/alpha_1.0/episode_033.mp4"}
{"episode": 34, "seed": 50017, "target_type": "orange", "recovery_type": "none", "success": true, "steps": 21, "execute_actions": 10, "smooth_alpha": 1.0, "post_success_cycles": 5, "mean_infer_ms": 5.533783829637936, "video": "/root/shared-nvme/logs/h50_formal_100k_matrix/normal/alpha_1.0/episode_034.mp4"}
{"episode": 35, "seed": 50021, "target_type": "orange", "recovery_type": "none", "success": true, "steps": 23, "execute_actions": 10, "smooth_alpha": 1.0, "post_success_cycles": 5, "mean_infer_ms": 5.404989599533703, "video": "/root/shared-nvme/logs/h50_formal_100k_matrix/normal/alpha_1.0/episode_035.mp4"}
{"episode": 36, "seed": 50025, "target_type": "orange", "recovery_type": "none", "success": true, "steps": 24, "execute_actions": 10, "smooth_alpha": 1.0, "post_success_cycles": 5, "mean_infer_ms": 5.461454546699922, "video": "/root/shared-nvme/logs/h50_formal_100k_matrix/normal/alpha_1.0/episode_036.mp4"}
{"episode": 37, "seed": 50029, "target_type": "orange", "recovery_type": "none", "success": true, "steps": 22, "execute_actions": 10, "smooth_alpha": 1.0, "post_success_cycles": 5, "mean_infer_ms": 5.481595088812438, "video": "/root/shared-nvme/logs/h50_formal_100k_matrix/normal/alpha_1.0/episode_037.mp4"}
{"episode": 38, "seed": 50033, "target_type": "orange", "recovery_type": "none", "success": true, "steps": 22, "execute_actions": 10, "smooth_alpha": 1.0, "post_success_cycles": 5, "mean_infer_ms": 5.487809296358716, "video": "/root/shared-nvme/logs/h50_formal_100k_matrix/normal/alpha_1.0/episode_038.mp4"}
{"episode": 39, "seed": 50037, "target_type": "orange", "recovery_type": "none", "success": true, "steps": 33, "execute_actions": 10, "smooth_alpha": 1.0, "post_success_cycles": 5, "mean_infer_ms": 5.439444642626878, "video": "/root/shared-nvme/logs/h50_formal_100k_matrix/normal/alpha_1.0/episode_039.mp4"}
{
  "config": "pi05_panda_h50_formal",
  "checkpoint": "/root/shared-nvme/checkpoints/pi05_panda_h50_formal/panda_h50_formal_v1/100000",
  "episodes": 40,
  "successes": 35,
  "success_rate": 0.875,
  "results": [
    {
      "episode": 0,
      "seed": 50000,
      "target_type": "apple",
      "recovery_type": "none",
      "success": false,
      "steps": 100,
      "execute_actions": 10,
      "smooth_alpha": 1.0,
      "post_success_cycles": 5,
      "mean_infer_ms": 245.92680346220732,
      "video": "/root/shared-nvme/logs/h50_formal_100k_matrix/normal/alpha_1.0/episode_000.mp4"
    },
    {
      "episode": 1,
      "seed": 50004,
      "target_type": "apple",
      "recovery_type": "none",
      "success": true,
      "steps": 27,
      "execute_actions": 10,
      "smooth_alpha": 1.0,
      "post_success_cycles": 5,
      "mean_infer_ms": 5.476311677032047,
      "video": "/root/shared-nvme/logs/h50_formal_100k_matrix/normal/alpha_1.0/episode_001.mp4"
    },
    {
      "episode": 2,
      "seed": 50008,
      "target_type": "apple",
      "recovery_type": "none",
      "success": true,
      "steps": 31,
      "execute_actions": 10,
      "smooth_alpha": 1.0,
      "post_success_cycles": 5,
      "mean_infer_ms": 5.4383753168006095,
      "video": "/root/shared-nvme/logs/h50_formal_100k_matrix/normal/alpha_1.0/episode_002.mp4"
    },
    {
      "episode": 3,
      "seed": 50012,
      "target_type": "apple",
      "recovery_type": "none",
      "success": true,
      "steps": 21,
      "execute_actions": 10,
      "smooth_alpha": 1.0,
      "post_success_cycles": 5,
      "mean_infer_ms": 5.354562242116247,
      "video": "/root/shared-nvme/logs/h50_formal_100k_matrix/normal/alpha_1.0/episode_003.mp4"
    },
    {
      "episode": 4,
      "seed": 50016,
      "target_type": "apple",
      "recovery_type": "none",
      "success": true,
      "steps": 23,
      "execute_actions": 10,
      "smooth_alpha": 1.0,
      "post_success_cycles": 5,
      "mean_infer_ms": 5.343815878681514,
      "video": "/root/shared-nvme/logs/h50_formal_100k_matrix/normal/alpha_1.0/episode_004.mp4"
    },
    {
      "episode": 5,
      "seed": 50020,
      "target_type": "apple",
      "recovery_type": "none",
      "success": true,
      "steps": 100,
      "execute_actions": 10,
      "smooth_alpha": 1.0,
      "post_success_cycles": 5,
      "mean_infer_ms": 5.570524521172047,
      "video": "/root/shared-nvme/logs/h50_formal_100k_matrix/normal/alpha_1.0/episode_005.mp4"
    },
    {
      "episode": 6,
      "seed": 50024,
      "target_type": "apple",
      "recovery_type": "none",
      "success": true,
      "steps": 17,
      "execute_actions": 10,
      "smooth_alpha": 1.0,
      "post_success_cycles": 5,
      "mean_infer_ms": 5.826329374138047,
      "video": "/root/shared-nvme/logs/h50_formal_100k_matrix/normal/alpha_1.0/episode_006.mp4"
    },
    {
      "episode": 7,
      "seed": 50028,
      "target_type": "apple",
      "recovery_type": "none",
      "success": true,
      "steps": 21,
      "execute_actions": 10,
      "smooth_alpha": 1.0,
      "post_success_cycles": 5,
      "mean_infer_ms": 5.870272538491657,
      "video": "/root/shared-nvme/logs/h50_formal_100k_matrix/normal/alpha_1.0/episode_007.mp4"
    },
    {
      "episode": 8,
      "seed": 50032,
      "target_type": "apple",
      "recovery_type": "none",
      "success": true,
      "steps": 31,
      "execute_actions": 10,
      "smooth_alpha": 1.0,
      "post_success_cycles": 5,
      "mean_infer_ms": 5.8993304809254985,
      "video": "/root/shared-nvme/logs/h50_formal_100k_matrix/normal/alpha_1.0/episode_008.mp4"
    },
    {
      "episode": 9,
      "seed": 50036,
      "target_type": "apple",
      "recovery_type": "none",
      "success": true,
      "steps": 17,
      "execute_actions": 10,
      "smooth_alpha": 1.0,
      "post_success_cycles": 5,
      "mean_infer_ms": 5.384519696235657,
      "video": "/root/shared-nvme/logs/h50_formal_100k_matrix/normal/alpha_1.0/episode_009.mp4"
    },
    {
      "episode": 10,
      "seed": 50003,
      "target_type": "box",
      "recovery_type": "none",
      "success": false,
      "steps": 100,
      "execute_actions": 10,
      "smooth_alpha": 1.0,
      "post_success_cycles": 5,
      "mean_infer_ms": 5.482926890254021,
      "video": "/root/shared-nvme/logs/h50_formal_100k_matrix/normal/alpha_1.0/episode_010.mp4"
    },
    {
      "episode": 11,
      "seed": 50007,
      "target_type": "box",
      "recovery_type": "none",
      "success": true,
      "steps": 21,
      "execute_actions": 10,
      "smooth_alpha": 1.0,
      "post_success_cycles": 5,
      "mean_infer_ms": 5.38765186710017,
      "video": "/root/shared-nvme/logs/h50_formal_100k_matrix/normal/alpha_1.0/episode_011.mp4"
    },
    {
      "episode": 12,
      "seed": 50011,
      "target_type": "box",
      "recovery_type": "none",
      "success": true,
      "steps": 21,
      "execute_actions": 10,
      "smooth_alpha": 1.0,
      "post_success_cycles": 5,
      "mean_infer_ms": 5.831734410354069,
      "video": "/root/shared-nvme/logs/h50_formal_100k_matrix/normal/alpha_1.0/episode_012.mp4"
    },
    {
      "episode": 13,
      "seed": 50015,
      "target_type": "box",
      "recovery_type": "none",
      "success": true,
      "steps": 18,
      "execute_actions": 10,
      "smooth_alpha": 1.0,
      "post_success_cycles": 5,
      "mean_infer_ms": 5.814342345628473,
      "video": "/root/shared-nvme/logs/h50_formal_100k_matrix/normal/alpha_1.0/episode_013.mp4"
    },
    {
      "episode": 14,
      "seed": 50019,
      "target_type": "box",
      "recovery_type": "none",
      "success": false,
      "steps": 100,
      "execute_actions": 10,
      "smooth_alpha": 1.0,
      "post_success_cycles": 5,
      "mean_infer_ms": 5.700589790940285,
      "video": "/root/shared-nvme/logs/h50_formal_100k_matrix/normal/alpha_1.0/episode_014.mp4"
    },
    {
      "episode": 15,
      "seed": 50023,
      "target_type": "box",
      "recovery_type": "none",
      "success": true,
      "steps": 19,
      "execute_actions": 10,
      "smooth_alpha": 1.0,
      "post_success_cycles": 5,
      "mean_infer_ms": 5.370856703896272,
      "video": "/root/shared-nvme/logs/h50_formal_100k_matrix/normal/alpha_1.0/episode_015.mp4"
    },
    {
      "episode": 16,
      "seed": 50027,
      "target_type": "box",
      "recovery_type": "none",
      "success": true,
      "steps": 22,
      "execute_actions": 10,
      "smooth_alpha": 1.0,
      "post_success_cycles": 5,
      "mean_infer_ms": 5.396022715351799,
      "video": "/root/shared-nvme/logs/h50_formal_100k_matrix/normal/alpha_1.0/episode_016.mp4"
    },
    {
      "episode": 17,
      "seed": 50031,
      "target_type": "box",
      "recovery_type": "none",
      "success": true,
      "steps": 36,
      "execute_actions": 10,
      "smooth_alpha": 1.0,
      "post_success_cycles": 5,
      "mean_infer_ms": 6.003458570275042,
      "video": "/root/shared-nvme/logs/h50_formal_100k_matrix/normal/alpha_1.0/episode_017.mp4"
    },
    {
      "episode": 18,
      "seed": 50035,
      "target_type": "box",
      "recovery_type": "none",
      "success": true,
      "steps": 20,
      "execute_actions": 10,
      "smooth_alpha": 1.0,
      "post_success_cycles": 5,
      "mean_infer_ms": 6.279341410845518,
      "video": "/root/shared-nvme/logs/h50_formal_100k_matrix/normal/alpha_1.0/episode_018.mp4"
    },
    {
      "episode": 19,
      "seed": 50039,
      "target_type": "box",
      "recovery_type": "none",
      "success": false,
      "steps": 100,
      "execute_actions": 10,
      "smooth_alpha": 1.0,
      "post_success_cycles": 5,
      "mean_infer_ms": 5.992230586707592,
      "video": "/root/shared-nvme/logs/h50_formal_100k_matrix/normal/alpha_1.0/episode_019.mp4"
    },
    {
      "episode": 20,
      "seed": 50002,
      "target_type": "can",
      "recovery_type": "none",
      "success": true,
      "steps": 22,
      "execute_actions": 10,
      "smooth_alpha": 1.0,
      "post_success_cycles": 5,
      "mean_infer_ms": 6.196619519455866,
      "video": "/root/shared-nvme/logs/h50_formal_100k_matrix/normal/alpha_1.0/episode_020.mp4"
    },
    {
      "episode": 21,
      "seed": 50006,
      "target_type": "can",
      "recovery_type": "none",
      "success": true,
      "steps": 17,
      "execute_actions": 10,
      "smooth_alpha": 1.0,
      "post_success_cycles": 5,
      "mean_infer_ms": 5.478348692550378,
      "video": "/root/shared-nvme/logs/h50_formal_100k_matrix/normal/alpha_1.0/episode_021.mp4"
    },
    {
      "episode": 22,
      "seed": 50010,
      "target_type": "can",
      "recovery_type": "none",
      "success": true,
      "steps": 19,
      "execute_actions": 10,
      "smooth_alpha": 1.0,
      "post_success_cycles": 5,
      "mean_infer_ms": 5.690801790670345,
      "video": "/root/shared-nvme/logs/h50_formal_100k_matrix/normal/alpha_1.0/episode_022.mp4"
    },
    {
      "episode": 23,
      "seed": 50014,
      "target_type": "can",
      "recovery_type": "none",
      "success": true,
      "steps": 18,
      "execute_actions": 10,
      "smooth_alpha": 1.0,
      "post_success_cycles": 5,
      "mean_infer_ms": 5.413778540160921,
      "video": "/root/shared-nvme/logs/h50_formal_100k_matrix/normal/alpha_1.0/episode_023.mp4"
    },
    {
      "episode": 24,
      "seed": 50018,
      "target_type": "can",
      "recovery_type": "none",
      "success": true,
      "steps": 19,
      "execute_actions": 10,
      "smooth_alpha": 1.0,
      "post_success_cycles": 5,
      "mean_infer_ms": 5.309629205026124,
      "video": "/root/shared-nvme/logs/h50_formal_100k_matrix/normal/alpha_1.0/episode_024.mp4"
    },
    {
      "episode": 25,
      "seed": 50022,
      "target_type": "can",
      "recovery_type": "none",
      "success": true,
      "steps": 23,
      "execute_actions": 10,
      "smooth_alpha": 1.0,
      "post_success_cycles": 5,
      "mean_infer_ms": 5.327385809758435,
      "video": "/root/shared-nvme/logs/h50_formal_100k_matrix/normal/alpha_1.0/episode_025.mp4"
    },
    {
      "episode": 26,
      "seed": 50026,
      "target_type": "can",
      "recovery_type": "none",
      "success": true,
      "steps": 21,
      "execute_actions": 10,
      "smooth_alpha": 1.0,
      "post_success_cycles": 5,
      "mean_infer_ms": 5.331558929312797,
      "video": "/root/shared-nvme/logs/h50_formal_100k_matrix/normal/alpha_1.0/episode_026.mp4"
    },
    {
      "episode": 27,
      "seed": 50030,
      "target_type": "can",
      "recovery_type": "none",
      "success": true,
      "steps": 23,
      "execute_actions": 10,
      "smooth_alpha": 1.0,
      "post_success_cycles": 5,
      "mean_infer_ms": 5.354993693206621,
      "video": "/root/shared-nvme/logs/h50_formal_100k_matrix/normal/alpha_1.0/episode_027.mp4"
    },
    {
      "episode": 28,
      "seed": 50034,
      "target_type": "can",
      "recovery_type": "none",
      "success": true,
      "steps": 21,
      "execute_actions": 10,
      "smooth_alpha": 1.0,
      "post_success_cycles": 5,
      "mean_infer_ms": 5.801232442969368,
      "video": "/root/shared-nvme/logs/h50_formal_100k_matrix/normal/alpha_1.0/episode_028.mp4"
    },
    {
      "episode": 29,
      "seed": 50038,
      "target_type": "can",
      "recovery_type": "none",
      "success": true,
      "steps": 24,
      "execute_actions": 10,
      "smooth_alpha": 1.0,
      "post_success_cycles": 5,
      "mean_infer_ms": 6.3845425223310786,
      "video": "/root/shared-nvme/logs/h50_formal_100k_matrix/normal/alpha_1.0/episode_029.mp4"
    },
    {
      "episode": 30,
      "seed": 50001,
      "target_type": "orange",
      "recovery_type": "none",
      "success": true,
      "steps": 40,
      "execute_actions": 10,
      "smooth_alpha": 1.0,
      "post_success_cycles": 5,
      "mean_infer_ms": 5.416949326172471,
      "video": "/root/shared-nvme/logs/h50_formal_100k_matrix/normal/alpha_1.0/episode_030.mp4"
    },
    {
      "episode": 31,
      "seed": 50005,
      "target_type": "orange",
      "recovery_type": "none",
      "success": false,
      "steps": 100,
      "execute_actions": 10,
      "smooth_alpha": 1.0,
      "post_success_cycles": 5,
      "mean_infer_ms": 5.331401024013758,
      "video": "/root/shared-nvme/logs/h50_formal_100k_matrix/normal/alpha_1.0/episode_031.mp4"
    },
    {
      "episode": 32,
      "seed": 50009,
      "target_type": "orange",
      "recovery_type": "none",
      "success": true,
      "steps": 75,
      "execute_actions": 10,
      "smooth_alpha": 1.0,
      "post_success_cycles": 5,
      "mean_infer_ms": 5.728985791405042,
      "video": "/root/shared-nvme/logs/h50_formal_100k_matrix/normal/alpha_1.0/episode_032.mp4"
    },
    {
      "episode": 33,
      "seed": 50013,
      "target_type": "orange",
      "recovery_type": "none",
      "success": true,
      "steps": 25,
      "execute_actions": 10,
      "smooth_alpha": 1.0,
      "post_success_cycles": 5,
      "mean_infer_ms": 5.467055439949036,
      "video": "/root/shared-nvme/logs/h50_formal_100k_matrix/normal/alpha_1.0/episode_033.mp4"
    },
    {
      "episode": 34,
      "seed": 50017,
      "target_type": "orange",
      "recovery_type": "none",
      "success": true,
      "steps": 21,
      "execute_actions": 10,
      "smooth_alpha": 1.0,
      "post_success_cycles": 5,
      "mean_infer_ms": 5.533783829637936,
      "video": "/root/shared-nvme/logs/h50_formal_100k_matrix/normal/alpha_1.0/episode_034.mp4"
    },
    {
      "episode": 35,
      "seed": 50021,
      "target_type": "orange",
      "recovery_type": "none",
      "success": true,
      "steps": 23,
      "execute_actions": 10,
      "smooth_alpha": 1.0,
      "post_success_cycles": 5,
      "mean_infer_ms": 5.404989599533703,
      "video": "/root/shared-nvme/logs/h50_formal_100k_matrix/normal/alpha_1.0/episode_035.mp4"
    },
    {
      "episode": 36,
      "seed": 50025,
      "target_type": "orange",
      "recovery_type": "none",
      "success": true,
      "steps": 24,
      "execute_actions": 10,
      "smooth_alpha": 1.0,
      "post_success_cycles": 5,
      "mean_infer_ms": 5.461454546699922,
      "video": "/root/shared-nvme/logs/h50_formal_100k_matrix/normal/alpha_1.0/episode_036.mp4"
    },
    {
      "episode": 37,
      "seed": 50029,
      "target_type": "orange",
      "recovery_type": "none",
      "success": true,
      "steps": 22,
      "execute_actions": 10,
      "smooth_alpha": 1.0,
      "post_success_cycles": 5,
      "mean_infer_ms": 5.481595088812438,
      "video": "/root/shared-nvme/logs/h50_formal_100k_matrix/normal/alpha_1.0/episode_037.mp4"
    },
    {
      "episode": 38,
      "seed": 50033,
      "target_type": "orange",
      "recovery_type": "none",
      "success": true,
      "steps": 22,
      "execute_actions": 10,
      "smooth_alpha": 1.0,
      "post_success_cycles": 5,
      "mean_infer_ms": 5.487809296358716,
      "video": "/root/shared-nvme/logs/h50_formal_100k_matrix/normal/alpha_1.0/episode_038.mp4"
    },
    {
      "episode": 39,
      "seed": 50037,
      "target_type": "orange",
      "recovery_type": "none",
      "success": true,
      "steps": 33,
      "execute_actions": 10,
      "smooth_alpha": 1.0,
      "post_success_cycles": 5,
      "mean_infer_ms": 5.439444642626878,
      "video": "/root/shared-nvme/logs/h50_formal_100k_matrix/normal/alpha_1.0/episode_039.mp4"
    }
  ]
}
